// Jest Snapshot v1, https://goo.gl/fbAQLP

exports[`SpotInstance to match the snapshot 1`] = `
{
  "Parameters": {
    "BootstrapVersion": {
      "Default": "/cdk-bootstrap/hnb659fds/version",
      "Description": "Version of the CDK Bootstrap resources in this environment, automatically retrieved from SSM Parameter Store. [cdk:skip]",
      "Type": "AWS::SSM::Parameter::Value<String>",
    },
    "SsmParameterValueawsserviceamiamazonlinuxlatestamznamihvmx8664gp2C96584B6F00A464EAD1953AFF4B05118Parameter": {
      "Default": "/aws/service/ami-amazon-linux-latest/amzn-ami-hvm-x86_64-gp2",
      "Type": "AWS::SSM::Parameter::Value<AWS::EC2::Image::Id>",
    },
  },
  "Resources": {
    "LogRetentionaae0aa3c5b4d4f87b02d85b201efdd8aFD4BFC8A": {
      "DependsOn": [
        "LogRetentionaae0aa3c5b4d4f87b02d85b201efdd8aServiceRoleDefaultPolicyADDA7DEB",
        "LogRetentionaae0aa3c5b4d4f87b02d85b201efdd8aServiceRole9741ECFB",
      ],
      "Properties": {
        "Code": {
          "S3Bucket": {
            "Fn::Sub": "cdk-hnb659fds-assets-\${AWS::AccountId}-\${AWS::Region}",
          },
          "S3Key": "558dc75fbdc793c8e2f64f85d2d7ed2cb820c727ec7e9b08666ad1af0103992e.zip",
        },
        "Handler": "index.handler",
        "Role": {
          "Fn::GetAtt": [
            "LogRetentionaae0aa3c5b4d4f87b02d85b201efdd8aServiceRole9741ECFB",
            "Arn",
          ],
        },
        "Runtime": "nodejs14.x",
      },
      "Type": "AWS::Lambda::Function",
    },
    "LogRetentionaae0aa3c5b4d4f87b02d85b201efdd8aServiceRole9741ECFB": {
      "Properties": {
        "AssumeRolePolicyDocument": {
          "Statement": [
            {
              "Action": "sts:AssumeRole",
              "Effect": "Allow",
              "Principal": {
                "Service": "lambda.amazonaws.com",
              },
            },
          ],
          "Version": "2012-10-17",
        },
        "ManagedPolicyArns": [
          {
            "Fn::Join": [
              "",
              [
                "arn:",
                {
                  "Ref": "AWS::Partition",
                },
                ":iam::aws:policy/service-role/AWSLambdaBasicExecutionRole",
              ],
            ],
          },
        ],
      },
      "Type": "AWS::IAM::Role",
    },
    "LogRetentionaae0aa3c5b4d4f87b02d85b201efdd8aServiceRoleDefaultPolicyADDA7DEB": {
      "Properties": {
        "PolicyDocument": {
          "Statement": [
            {
              "Action": [
                "logs:PutRetentionPolicy",
                "logs:DeleteRetentionPolicy",
              ],
              "Effect": "Allow",
              "Resource": "*",
            },
          ],
          "Version": "2012-10-17",
        },
        "PolicyName": "LogRetentionaae0aa3c5b4d4f87b02d85b201efdd8aServiceRoleDefaultPolicyADDA7DEB",
        "Roles": [
          {
            "Ref": "LogRetentionaae0aa3c5b4d4f87b02d85b201efdd8aServiceRole9741ECFB",
          },
        ],
      },
      "Type": "AWS::IAM::Policy",
    },
    "Test7BFAF513": {
      "DependsOn": [
        "TestInstanceRole94F2DC72",
      ],
      "Properties": {
        "AvailabilityZone": {
          "Fn::Select": [
            0,
            {
              "Fn::GetAZs": "",
            },
          ],
        },
        "IamInstanceProfile": {
          "Ref": "TestInstanceProfile8D754CEC",
        },
        "ImageId": {
          "Ref": "SsmParameterValueawsserviceamiamazonlinuxlatestamznamihvmx8664gp2C96584B6F00A464EAD1953AFF4B05118Parameter",
        },
        "InstanceType": "m6g.medium",
        "LaunchTemplate": {
          "LaunchTemplateId": {
            "Ref": "TestLaunchTemplateForSpotReq82636A3F",
          },
          "Version": {
            "Fn::GetAtt": [
              "TestLaunchTemplateForSpotReq82636A3F",
              "LatestVersionNumber",
            ],
          },
        },
        "SecurityGroupIds": [
          {
            "Fn::GetAtt": [
              "TestInstanceSecurityGroup03CCD609",
              "GroupId",
            ],
          },
        ],
        "SubnetId": {
          "Ref": "VpcPrivateSubnet1Subnet536B997A",
        },
        "Tags": [
          {
            "Key": "Name",
            "Value": "TestStack/Test",
          },
        ],
        "UserData": {
          "Fn::Base64": "#!/bin/bash",
        },
      },
      "Type": "AWS::EC2::Instance",
    },
    "TestInstanceProfile8D754CEC": {
      "Properties": {
        "Roles": [
          {
            "Ref": "TestInstanceRole94F2DC72",
          },
        ],
      },
      "Type": "AWS::IAM::InstanceProfile",
    },
    "TestInstanceRole94F2DC72": {
      "Properties": {
        "AssumeRolePolicyDocument": {
          "Statement": [
            {
              "Action": "sts:AssumeRole",
              "Effect": "Allow",
              "Principal": {
                "Service": {
                  "Fn::Join": [
                    "",
                    [
                      "ec2.",
                      {
                        "Ref": "AWS::URLSuffix",
                      },
                    ],
                  ],
                },
              },
            },
          ],
          "Version": "2012-10-17",
        },
        "Tags": [
          {
            "Key": "Name",
            "Value": "TestStack/Test",
          },
        ],
      },
      "Type": "AWS::IAM::Role",
    },
    "TestInstanceSecurityGroup03CCD609": {
      "Properties": {
        "GroupDescription": "TestStack/Test/InstanceSecurityGroup",
        "SecurityGroupEgress": [
          {
            "CidrIp": "0.0.0.0/0",
            "Description": "Allow all outbound traffic by default",
            "IpProtocol": "-1",
          },
        ],
        "Tags": [
          {
            "Key": "Name",
            "Value": "TestStack/Test",
          },
        ],
        "VpcId": {
          "Ref": "Vpc8378EB38",
        },
      },
      "Type": "AWS::EC2::SecurityGroup",
    },
    "TestLaunchTemplateForSpotReq82636A3F": {
      "Properties": {
        "LaunchTemplateData": {
          "InstanceMarketOptions": {
            "MarketType": "spot",
          },
          "TagSpecifications": [
            {
              "ResourceType": "instance",
              "Tags": [
                {
                  "Key": "Name",
                  "Value": "TestStack/Test/LaunchTemplateForSpotReq",
                },
              ],
            },
            {
              "ResourceType": "volume",
              "Tags": [
                {
                  "Key": "Name",
                  "Value": "TestStack/Test/LaunchTemplateForSpotReq",
                },
              ],
            },
          ],
        },
      },
      "Type": "AWS::EC2::LaunchTemplate",
    },
    "TestSpotReqCancelerE0A79592": {
      "DeletionPolicy": "Delete",
      "Properties": {
        "ServiceToken": {
          "Fn::GetAtt": [
            "TestSpotReqCancelerProviderframeworkonEvent8C31A056",
            "Arn",
          ],
        },
        "ec2InstanceId": {
          "Ref": "Test7BFAF513",
        },
      },
      "Type": "AWS::CloudFormation::CustomResource",
      "UpdateReplacePolicy": "Delete",
    },
    "TestSpotReqCancelerHandlerBA4EA872": {
      "DependsOn": [
        "TestSpotReqCancelerHandlerExecutionRole9BDF719B",
      ],
      "Properties": {
        "Architectures": [
          "arm64",
        ],
        "Code": {
          "S3Bucket": {
            "Fn::Sub": "cdk-hnb659fds-assets-\${AWS::AccountId}-\${AWS::Region}",
          },
          "S3Key": "7c82a34ca8446ef15f19d2fc84061838972040f091c3542492e42d37154cbf4e.zip",
        },
        "Handler": "index.handler",
        "MemorySize": 128,
        "Role": {
          "Fn::GetAtt": [
            "TestSpotReqCancelerHandlerExecutionRole9BDF719B",
            "Arn",
          ],
        },
        "Runtime": "nodejs16.x",
        "Tags": [
          {
            "Key": "Name",
            "Value": "TestStack/Test",
          },
        ],
      },
      "Type": "AWS::Lambda::Function",
    },
    "TestSpotReqCancelerHandlerExecutionRole9BDF719B": {
      "Properties": {
        "AssumeRolePolicyDocument": {
          "Statement": [
            {
              "Action": "sts:AssumeRole",
              "Effect": "Allow",
              "Principal": {
                "Service": "lambda.amazonaws.com",
              },
            },
          ],
          "Version": "2012-10-17",
        },
        "ManagedPolicyArns": [
          {
            "Fn::Join": [
              "",
              [
                "arn:",
                {
                  "Ref": "AWS::Partition",
                },
                ":iam::aws:policy/service-role/AWSLambdaBasicExecutionRole",
              ],
            ],
          },
        ],
        "Policies": [
          {
            "PolicyDocument": {
              "Statement": [
                {
                  "Action": [
                    "ec2:DescribeInstances",
                    "ec2:CancelSpotInstanceRequests",
                  ],
                  "Condition": {
                    "StringEquals": {
                      "aws:RequestedRegion": [
                        {
                          "Ref": "AWS::Region",
                        },
                      ],
                    },
                  },
                  "Effect": "Allow",
                  "Resource": "*",
                },
              ],
              "Version": "2012-10-17",
            },
            "PolicyName": "ec2",
          },
        ],
        "Tags": [
          {
            "Key": "Name",
            "Value": "TestStack/Test",
          },
        ],
      },
      "Type": "AWS::IAM::Role",
    },
    "TestSpotReqCancelerHandlerLogRetention6AB33A72": {
      "Properties": {
        "LogGroupName": {
          "Fn::Join": [
            "",
            [
              "/aws/lambda/",
              {
                "Ref": "TestSpotReqCancelerHandlerBA4EA872",
              },
            ],
          ],
        },
        "RetentionInDays": 90,
        "ServiceToken": {
          "Fn::GetAtt": [
            "LogRetentionaae0aa3c5b4d4f87b02d85b201efdd8aFD4BFC8A",
            "Arn",
          ],
        },
      },
      "Type": "Custom::LogRetention",
    },
    "TestSpotReqCancelerProviderframeworkonEvent8C31A056": {
      "DependsOn": [
        "TestSpotReqCancelerProviderframeworkonEventServiceRoleDefaultPolicyE271A982",
        "TestSpotReqCancelerProviderframeworkonEventServiceRole3E43C013",
      ],
      "Properties": {
        "Code": {
          "S3Bucket": {
            "Fn::Sub": "cdk-hnb659fds-assets-\${AWS::AccountId}-\${AWS::Region}",
          },
          "S3Key": "a25ad9c0d11729e2a901249c21b3095a071174c6fc98296269154dcebbb42a08.zip",
        },
        "Description": "AWS CDK resource provider framework - onEvent (TestStack/Test/SpotReqCancelerProvider)",
        "Environment": {
          "Variables": {
            "USER_ON_EVENT_FUNCTION_ARN": {
              "Fn::GetAtt": [
                "TestSpotReqCancelerHandlerBA4EA872",
                "Arn",
              ],
            },
          },
        },
        "Handler": "framework.onEvent",
        "Role": {
          "Fn::GetAtt": [
            "TestSpotReqCancelerProviderframeworkonEventServiceRole3E43C013",
            "Arn",
          ],
        },
        "Runtime": "nodejs12.x",
        "Tags": [
          {
            "Key": "Name",
            "Value": "TestStack/Test",
          },
        ],
        "Timeout": 900,
      },
      "Type": "AWS::Lambda::Function",
    },
    "TestSpotReqCancelerProviderframeworkonEventLogRetentionC158AC8E": {
      "Properties": {
        "LogGroupName": {
          "Fn::Join": [
            "",
            [
              "/aws/lambda/",
              {
                "Ref": "TestSpotReqCancelerProviderframeworkonEvent8C31A056",
              },
            ],
          ],
        },
        "RetentionInDays": 90,
        "ServiceToken": {
          "Fn::GetAtt": [
            "LogRetentionaae0aa3c5b4d4f87b02d85b201efdd8aFD4BFC8A",
            "Arn",
          ],
        },
      },
      "Type": "Custom::LogRetention",
    },
    "TestSpotReqCancelerProviderframeworkonEventServiceRole3E43C013": {
      "Properties": {
        "AssumeRolePolicyDocument": {
          "Statement": [
            {
              "Action": "sts:AssumeRole",
              "Effect": "Allow",
              "Principal": {
                "Service": "lambda.amazonaws.com",
              },
            },
          ],
          "Version": "2012-10-17",
        },
        "ManagedPolicyArns": [
          {
            "Fn::Join": [
              "",
              [
                "arn:",
                {
                  "Ref": "AWS::Partition",
                },
                ":iam::aws:policy/service-role/AWSLambdaBasicExecutionRole",
              ],
            ],
          },
        ],
        "Tags": [
          {
            "Key": "Name",
            "Value": "TestStack/Test",
          },
        ],
      },
      "Type": "AWS::IAM::Role",
    },
    "TestSpotReqCancelerProviderframeworkonEventServiceRoleDefaultPolicyE271A982": {
      "Properties": {
        "PolicyDocument": {
          "Statement": [
            {
              "Action": "lambda:InvokeFunction",
              "Effect": "Allow",
              "Resource": [
                {
                  "Fn::GetAtt": [
                    "TestSpotReqCancelerHandlerBA4EA872",
                    "Arn",
                  ],
                },
                {
                  "Fn::Join": [
                    "",
                    [
                      {
                        "Fn::GetAtt": [
                          "TestSpotReqCancelerHandlerBA4EA872",
                          "Arn",
                        ],
                      },
                      ":*",
                    ],
                  ],
                },
              ],
            },
          ],
          "Version": "2012-10-17",
        },
        "PolicyName": "TestSpotReqCancelerProviderframeworkonEventServiceRoleDefaultPolicyE271A982",
        "Roles": [
          {
            "Ref": "TestSpotReqCancelerProviderframeworkonEventServiceRole3E43C013",
          },
        ],
      },
      "Type": "AWS::IAM::Policy",
    },
    "Vpc8378EB38": {
      "Properties": {
        "CidrBlock": "10.0.0.0/16",
        "EnableDnsHostnames": true,
        "EnableDnsSupport": true,
        "InstanceTenancy": "default",
        "Tags": [
          {
            "Key": "Name",
            "Value": "TestStack/Vpc",
          },
        ],
      },
      "Type": "AWS::EC2::VPC",
    },
    "VpcIGWD7BA715C": {
      "Properties": {
        "Tags": [
          {
            "Key": "Name",
            "Value": "TestStack/Vpc",
          },
        ],
      },
      "Type": "AWS::EC2::InternetGateway",
    },
    "VpcPrivateSubnet1DefaultRouteBE02A9ED": {
      "Properties": {
        "DestinationCidrBlock": "0.0.0.0/0",
        "NatGatewayId": {
          "Ref": "VpcPublicSubnet1NATGateway4D7517AA",
        },
        "RouteTableId": {
          "Ref": "VpcPrivateSubnet1RouteTableB2C5B500",
        },
      },
      "Type": "AWS::EC2::Route",
    },
    "VpcPrivateSubnet1RouteTableAssociation70C59FA6": {
      "Properties": {
        "RouteTableId": {
          "Ref": "VpcPrivateSubnet1RouteTableB2C5B500",
        },
        "SubnetId": {
          "Ref": "VpcPrivateSubnet1Subnet536B997A",
        },
      },
      "Type": "AWS::EC2::SubnetRouteTableAssociation",
    },
    "VpcPrivateSubnet1RouteTableB2C5B500": {
      "Properties": {
        "Tags": [
          {
            "Key": "Name",
            "Value": "TestStack/Vpc/PrivateSubnet1",
          },
        ],
        "VpcId": {
          "Ref": "Vpc8378EB38",
        },
      },
      "Type": "AWS::EC2::RouteTable",
    },
    "VpcPrivateSubnet1Subnet536B997A": {
      "Properties": {
        "AvailabilityZone": {
          "Fn::Select": [
            0,
            {
              "Fn::GetAZs": "",
            },
          ],
        },
        "CidrBlock": "10.0.128.0/18",
        "MapPublicIpOnLaunch": false,
        "Tags": [
          {
            "Key": "aws-cdk:subnet-name",
            "Value": "Private",
          },
          {
            "Key": "aws-cdk:subnet-type",
            "Value": "Private",
          },
          {
            "Key": "Name",
            "Value": "TestStack/Vpc/PrivateSubnet1",
          },
        ],
        "VpcId": {
          "Ref": "Vpc8378EB38",
        },
      },
      "Type": "AWS::EC2::Subnet",
    },
    "VpcPrivateSubnet2DefaultRoute060D2087": {
      "Properties": {
        "DestinationCidrBlock": "0.0.0.0/0",
        "NatGatewayId": {
          "Ref": "VpcPublicSubnet2NATGateway9182C01D",
        },
        "RouteTableId": {
          "Ref": "VpcPrivateSubnet2RouteTableA678073B",
        },
      },
      "Type": "AWS::EC2::Route",
    },
    "VpcPrivateSubnet2RouteTableA678073B": {
      "Properties": {
        "Tags": [
          {
            "Key": "Name",
            "Value": "TestStack/Vpc/PrivateSubnet2",
          },
        ],
        "VpcId": {
          "Ref": "Vpc8378EB38",
        },
      },
      "Type": "AWS::EC2::RouteTable",
    },
    "VpcPrivateSubnet2RouteTableAssociationA89CAD56": {
      "Properties": {
        "RouteTableId": {
          "Ref": "VpcPrivateSubnet2RouteTableA678073B",
        },
        "SubnetId": {
          "Ref": "VpcPrivateSubnet2Subnet3788AAA1",
        },
      },
      "Type": "AWS::EC2::SubnetRouteTableAssociation",
    },
    "VpcPrivateSubnet2Subnet3788AAA1": {
      "Properties": {
        "AvailabilityZone": {
          "Fn::Select": [
            1,
            {
              "Fn::GetAZs": "",
            },
          ],
        },
        "CidrBlock": "10.0.192.0/18",
        "MapPublicIpOnLaunch": false,
        "Tags": [
          {
            "Key": "aws-cdk:subnet-name",
            "Value": "Private",
          },
          {
            "Key": "aws-cdk:subnet-type",
            "Value": "Private",
          },
          {
            "Key": "Name",
            "Value": "TestStack/Vpc/PrivateSubnet2",
          },
        ],
        "VpcId": {
          "Ref": "Vpc8378EB38",
        },
      },
      "Type": "AWS::EC2::Subnet",
    },
    "VpcPublicSubnet1DefaultRoute3DA9E72A": {
      "DependsOn": [
        "VpcVPCGWBF912B6E",
      ],
      "Properties": {
        "DestinationCidrBlock": "0.0.0.0/0",
        "GatewayId": {
          "Ref": "VpcIGWD7BA715C",
        },
        "RouteTableId": {
          "Ref": "VpcPublicSubnet1RouteTable6C95E38E",
        },
      },
      "Type": "AWS::EC2::Route",
    },
    "VpcPublicSubnet1EIPD7E02669": {
      "Properties": {
        "Domain": "vpc",
        "Tags": [
          {
            "Key": "Name",
            "Value": "TestStack/Vpc/PublicSubnet1",
          },
        ],
      },
      "Type": "AWS::EC2::EIP",
    },
    "VpcPublicSubnet1NATGateway4D7517AA": {
      "Properties": {
        "AllocationId": {
          "Fn::GetAtt": [
            "VpcPublicSubnet1EIPD7E02669",
            "AllocationId",
          ],
        },
        "SubnetId": {
          "Ref": "VpcPublicSubnet1Subnet5C2D37C4",
        },
        "Tags": [
          {
            "Key": "Name",
            "Value": "TestStack/Vpc/PublicSubnet1",
          },
        ],
      },
      "Type": "AWS::EC2::NatGateway",
    },
    "VpcPublicSubnet1RouteTable6C95E38E": {
      "Properties": {
        "Tags": [
          {
            "Key": "Name",
            "Value": "TestStack/Vpc/PublicSubnet1",
          },
        ],
        "VpcId": {
          "Ref": "Vpc8378EB38",
        },
      },
      "Type": "AWS::EC2::RouteTable",
    },
    "VpcPublicSubnet1RouteTableAssociation97140677": {
      "Properties": {
        "RouteTableId": {
          "Ref": "VpcPublicSubnet1RouteTable6C95E38E",
        },
        "SubnetId": {
          "Ref": "VpcPublicSubnet1Subnet5C2D37C4",
        },
      },
      "Type": "AWS::EC2::SubnetRouteTableAssociation",
    },
    "VpcPublicSubnet1Subnet5C2D37C4": {
      "Properties": {
        "AvailabilityZone": {
          "Fn::Select": [
            0,
            {
              "Fn::GetAZs": "",
            },
          ],
        },
        "CidrBlock": "10.0.0.0/18",
        "MapPublicIpOnLaunch": true,
        "Tags": [
          {
            "Key": "aws-cdk:subnet-name",
            "Value": "Public",
          },
          {
            "Key": "aws-cdk:subnet-type",
            "Value": "Public",
          },
          {
            "Key": "Name",
            "Value": "TestStack/Vpc/PublicSubnet1",
          },
        ],
        "VpcId": {
          "Ref": "Vpc8378EB38",
        },
      },
      "Type": "AWS::EC2::Subnet",
    },
    "VpcPublicSubnet2DefaultRoute97F91067": {
      "DependsOn": [
        "VpcVPCGWBF912B6E",
      ],
      "Properties": {
        "DestinationCidrBlock": "0.0.0.0/0",
        "GatewayId": {
          "Ref": "VpcIGWD7BA715C",
        },
        "RouteTableId": {
          "Ref": "VpcPublicSubnet2RouteTable94F7E489",
        },
      },
      "Type": "AWS::EC2::Route",
    },
    "VpcPublicSubnet2EIP3C605A87": {
      "Properties": {
        "Domain": "vpc",
        "Tags": [
          {
            "Key": "Name",
            "Value": "TestStack/Vpc/PublicSubnet2",
          },
        ],
      },
      "Type": "AWS::EC2::EIP",
    },
    "VpcPublicSubnet2NATGateway9182C01D": {
      "Properties": {
        "AllocationId": {
          "Fn::GetAtt": [
            "VpcPublicSubnet2EIP3C605A87",
            "AllocationId",
          ],
        },
        "SubnetId": {
          "Ref": "VpcPublicSubnet2Subnet691E08A3",
        },
        "Tags": [
          {
            "Key": "Name",
            "Value": "TestStack/Vpc/PublicSubnet2",
          },
        ],
      },
      "Type": "AWS::EC2::NatGateway",
    },
    "VpcPublicSubnet2RouteTable94F7E489": {
      "Properties": {
        "Tags": [
          {
            "Key": "Name",
            "Value": "TestStack/Vpc/PublicSubnet2",
          },
        ],
        "VpcId": {
          "Ref": "Vpc8378EB38",
        },
      },
      "Type": "AWS::EC2::RouteTable",
    },
    "VpcPublicSubnet2RouteTableAssociationDD5762D8": {
      "Properties": {
        "RouteTableId": {
          "Ref": "VpcPublicSubnet2RouteTable94F7E489",
        },
        "SubnetId": {
          "Ref": "VpcPublicSubnet2Subnet691E08A3",
        },
      },
      "Type": "AWS::EC2::SubnetRouteTableAssociation",
    },
    "VpcPublicSubnet2Subnet691E08A3": {
      "Properties": {
        "AvailabilityZone": {
          "Fn::Select": [
            1,
            {
              "Fn::GetAZs": "",
            },
          ],
        },
        "CidrBlock": "10.0.64.0/18",
        "MapPublicIpOnLaunch": true,
        "Tags": [
          {
            "Key": "aws-cdk:subnet-name",
            "Value": "Public",
          },
          {
            "Key": "aws-cdk:subnet-type",
            "Value": "Public",
          },
          {
            "Key": "Name",
            "Value": "TestStack/Vpc/PublicSubnet2",
          },
        ],
        "VpcId": {
          "Ref": "Vpc8378EB38",
        },
      },
      "Type": "AWS::EC2::Subnet",
    },
    "VpcVPCGWBF912B6E": {
      "Properties": {
        "InternetGatewayId": {
          "Ref": "VpcIGWD7BA715C",
        },
        "VpcId": {
          "Ref": "Vpc8378EB38",
        },
      },
      "Type": "AWS::EC2::VPCGatewayAttachment",
    },
  },
  "Rules": {
    "CheckBootstrapVersion": {
      "Assertions": [
        {
          "Assert": {
            "Fn::Not": [
              {
                "Fn::Contains": [
                  [
                    "1",
                    "2",
                    "3",
                    "4",
                    "5",
                  ],
                  {
                    "Ref": "BootstrapVersion",
                  },
                ],
              },
            ],
          },
          "AssertDescription": "CDK bootstrap stack version 6 required. Please run 'cdk bootstrap' with a recent version of the CDK CLI.",
        },
      ],
    },
  },
}
`;
